Args in experiment:
Namespace(is_training=1, train_only=False, model_id='Exchange_336_96', model='DLinear', data='custom', root_path='./', data_path='exchange_rate.csv', features='MS', target='OT', freq='h', checkpoints='./checkpoints/', seq_len=336, label_len=48, pred_len=14, individual=False, embed_type=0, enc_in=8, dec_in=7, c_out=7, d_model=512, n_heads=8, e_layers=2, d_layers=1, d_ff=2048, moving_avg=25, factor=1, distil=True, dropout=0.05, embed='timeF', activation='gelu', output_attention=False, do_predict=False, itr=1, train_epochs=30, batch_size=8, patience=30, learning_rate=0.0005, des='Exp', loss='mse', lradj='type1', use_amp=False, use_gpu=False)
Use CPU
>>>>>>>start training : Exchange_336_96_DLinear_custom_ftMS_sl336_ll48_pl14_dm512_nh8_el2_dl1_df2048_fc1_ebtimeF_dtTrue_Exp_0>>>>>>>>>>>>>>>>>>>>>>>>>>
train 4962
val 747
test 1504
	iters: 100, epoch: 1 | loss: 0.1929687
	speed: 0.0017s/iter; left time: 30.7917s
	iters: 200, epoch: 1 | loss: 0.0359329
	speed: 0.0015s/iter; left time: 26.8922s
	iters: 300, epoch: 1 | loss: 0.0170585
	speed: 0.0016s/iter; left time: 30.1879s
	iters: 400, epoch: 1 | loss: 0.0420907
	speed: 0.0015s/iter; left time: 26.9581s
	iters: 500, epoch: 1 | loss: 0.0090320
	speed: 0.0014s/iter; left time: 26.2310s
	iters: 600, epoch: 1 | loss: 0.0142690
	speed: 0.0016s/iter; left time: 29.5192s
Epoch: 1 cost time: 0.9686360359191895
Epoch: 1, Steps: 620 | Train Loss: 0.0579142 Vali Loss: 0.0590704 Test Loss: 0.0286376
Validation loss decreased (inf --> 0.059070).  Saving model ...
Updating learning rate to 0.0005
	iters: 100, epoch: 2 | loss: 0.0303578
	speed: 0.0046s/iter; left time: 82.4754s
	iters: 200, epoch: 2 | loss: 0.0209528
	speed: 0.0018s/iter; left time: 31.1526s
	iters: 300, epoch: 2 | loss: 0.0159921
	speed: 0.0039s/iter; left time: 68.4293s
	iters: 400, epoch: 2 | loss: 0.0151873
	speed: 0.0018s/iter; left time: 31.1450s
	iters: 500, epoch: 2 | loss: 0.0134356
	speed: 0.0017s/iter; left time: 29.8763s
	iters: 600, epoch: 2 | loss: 0.0285006
	speed: 0.0017s/iter; left time: 30.3550s
Epoch: 2 cost time: 1.283886194229126
Epoch: 2, Steps: 620 | Train Loss: 0.0242830 Vali Loss: 0.1608035 Test Loss: 0.1529415
EarlyStopping counter: 1 out of 30
Updating learning rate to 0.00025
	iters: 100, epoch: 3 | loss: 0.0237005
	speed: 0.0053s/iter; left time: 91.4798s
	iters: 200, epoch: 3 | loss: 0.0185914
	speed: 0.0019s/iter; left time: 32.7540s
	iters: 300, epoch: 3 | loss: 0.0103546
	speed: 0.0017s/iter; left time: 28.4956s
	iters: 400, epoch: 3 | loss: 0.0053296
	speed: 0.0017s/iter; left time: 28.7344s
	iters: 500, epoch: 3 | loss: 0.0192453
	speed: 0.0015s/iter; left time: 25.5281s
	iters: 600, epoch: 3 | loss: 0.0439544
	speed: 0.0018s/iter; left time: 30.0814s
Epoch: 3 cost time: 1.0854787826538086
Epoch: 3, Steps: 620 | Train Loss: 0.0197192 Vali Loss: 0.0403685 Test Loss: 0.0213594
Validation loss decreased (0.059070 --> 0.040368).  Saving model ...
Updating learning rate to 0.000125
	iters: 100, epoch: 4 | loss: 0.0641633
	speed: 0.0049s/iter; left time: 82.0950s
	iters: 200, epoch: 4 | loss: 0.0181128
	speed: 0.0020s/iter; left time: 32.3849s
	iters: 300, epoch: 4 | loss: 0.0235736
	speed: 0.0022s/iter; left time: 36.5431s
	iters: 400, epoch: 4 | loss: 0.0300938
	speed: 0.0019s/iter; left time: 30.6960s
	iters: 500, epoch: 4 | loss: 0.0069100
	speed: 0.0021s/iter; left time: 34.2790s
	iters: 600, epoch: 4 | loss: 0.0053630
	speed: 0.0020s/iter; left time: 32.8302s
Epoch: 4 cost time: 1.248171091079712
Epoch: 4, Steps: 620 | Train Loss: 0.0177843 Vali Loss: 0.0383912 Test Loss: 0.0206643
Validation loss decreased (0.040368 --> 0.038391).  Saving model ...
Updating learning rate to 6.25e-05
	iters: 100, epoch: 5 | loss: 0.0308275
	speed: 0.0053s/iter; left time: 84.1537s
	iters: 200, epoch: 5 | loss: 0.0099798
	speed: 0.0028s/iter; left time: 44.6335s
	iters: 300, epoch: 5 | loss: 0.0217465
	speed: 0.0023s/iter; left time: 35.6834s
	iters: 400, epoch: 5 | loss: 0.0209674
	speed: 0.0019s/iter; left time: 30.0544s
	iters: 500, epoch: 5 | loss: 0.0140511
	speed: 0.0017s/iter; left time: 25.9880s
	iters: 600, epoch: 5 | loss: 0.0227654
	speed: 0.0015s/iter; left time: 23.9700s
Epoch: 5 cost time: 1.242201566696167
Epoch: 5, Steps: 620 | Train Loss: 0.0171377 Vali Loss: 0.0380028 Test Loss: 0.0198103
Validation loss decreased (0.038391 --> 0.038003).  Saving model ...
Updating learning rate to 3.125e-05
	iters: 100, epoch: 6 | loss: 0.0219128
	speed: 0.0052s/iter; left time: 79.5998s
	iters: 200, epoch: 6 | loss: 0.0114618
	speed: 0.0021s/iter; left time: 32.1577s
	iters: 300, epoch: 6 | loss: 0.0078252
	speed: 0.0020s/iter; left time: 30.7854s
	iters: 400, epoch: 6 | loss: 0.0109500
	speed: 0.0023s/iter; left time: 34.8073s
	iters: 500, epoch: 6 | loss: 0.0444462
	speed: 0.0020s/iter; left time: 29.6225s
	iters: 600, epoch: 6 | loss: 0.0165573
	speed: 0.0022s/iter; left time: 32.9551s
Epoch: 6 cost time: 1.2325260639190674
Epoch: 6, Steps: 620 | Train Loss: 0.0166685 Vali Loss: 0.0359446 Test Loss: 0.0192232
Validation loss decreased (0.038003 --> 0.035945).  Saving model ...
Updating learning rate to 1.5625e-05
	iters: 100, epoch: 7 | loss: 0.0066360
	speed: 0.0045s/iter; left time: 66.8957s
	iters: 200, epoch: 7 | loss: 0.0211058
	speed: 0.0021s/iter; left time: 30.6229s
	iters: 300, epoch: 7 | loss: 0.0095641
	speed: 0.0018s/iter; left time: 26.0834s
	iters: 400, epoch: 7 | loss: 0.0197602
	speed: 0.0017s/iter; left time: 24.3494s
	iters: 500, epoch: 7 | loss: 0.0102604
	speed: 0.0017s/iter; left time: 24.4486s
	iters: 600, epoch: 7 | loss: 0.0067172
	speed: 0.0015s/iter; left time: 21.3932s
Epoch: 7 cost time: 1.0889723300933838
Epoch: 7, Steps: 620 | Train Loss: 0.0165313 Vali Loss: 0.0368543 Test Loss: 0.0191154
EarlyStopping counter: 1 out of 30
Updating learning rate to 7.8125e-06
	iters: 100, epoch: 8 | loss: 0.0287546
	speed: 0.0047s/iter; left time: 66.2567s
	iters: 200, epoch: 8 | loss: 0.0081952
	speed: 0.0016s/iter; left time: 22.1677s
	iters: 300, epoch: 8 | loss: 0.0249559
	speed: 0.0017s/iter; left time: 23.5866s
	iters: 400, epoch: 8 | loss: 0.0238548
	speed: 0.0021s/iter; left time: 29.3663s
	iters: 500, epoch: 8 | loss: 0.0166283
	speed: 0.0019s/iter; left time: 26.6459s
	iters: 600, epoch: 8 | loss: 0.0124000
	speed: 0.0021s/iter; left time: 28.7626s
Epoch: 8 cost time: 1.1663949489593506
Epoch: 8, Steps: 620 | Train Loss: 0.0164370 Vali Loss: 0.0365116 Test Loss: 0.0188401
EarlyStopping counter: 2 out of 30
Updating learning rate to 3.90625e-06
	iters: 100, epoch: 9 | loss: 0.0083401
	speed: 0.0046s/iter; left time: 62.2105s
	iters: 200, epoch: 9 | loss: 0.0396054
	speed: 0.0021s/iter; left time: 28.0461s
	iters: 300, epoch: 9 | loss: 0.0191736
	speed: 0.0016s/iter; left time: 20.9305s
	iters: 400, epoch: 9 | loss: 0.0179931
	speed: 0.0016s/iter; left time: 20.9159s
	iters: 500, epoch: 9 | loss: 0.0118442
	speed: 0.0023s/iter; left time: 30.6104s
	iters: 600, epoch: 9 | loss: 0.0143501
	speed: 0.0019s/iter; left time: 24.7500s
Epoch: 9 cost time: 1.1785497665405273
Epoch: 9, Steps: 620 | Train Loss: 0.0163711 Vali Loss: 0.0369811 Test Loss: 0.0191575
EarlyStopping counter: 3 out of 30
Updating learning rate to 1.953125e-06
	iters: 100, epoch: 10 | loss: 0.0089021
	speed: 0.0053s/iter; left time: 67.9203s
	iters: 200, epoch: 10 | loss: 0.0329324
	speed: 0.0019s/iter; left time: 24.4681s
	iters: 300, epoch: 10 | loss: 0.0144964
	speed: 0.0021s/iter; left time: 26.8206s
	iters: 400, epoch: 10 | loss: 0.0243286
	speed: 0.0029s/iter; left time: 36.9717s
	iters: 500, epoch: 10 | loss: 0.0088060
	speed: 0.0020s/iter; left time: 25.4598s
	iters: 600, epoch: 10 | loss: 0.0108091
	speed: 0.0022s/iter; left time: 27.4394s
Epoch: 10 cost time: 1.3772954940795898
Epoch: 10, Steps: 620 | Train Loss: 0.0163399 Vali Loss: 0.0368070 Test Loss: 0.0190400
EarlyStopping counter: 4 out of 30
Updating learning rate to 9.765625e-07
	iters: 100, epoch: 11 | loss: 0.0090086
	speed: 0.0056s/iter; left time: 69.3640s
	iters: 200, epoch: 11 | loss: 0.0115892
	speed: 0.0018s/iter; left time: 21.5557s
	iters: 300, epoch: 11 | loss: 0.0100279
	speed: 0.0019s/iter; left time: 22.8701s
	iters: 400, epoch: 11 | loss: 0.0076914
	speed: 0.0022s/iter; left time: 25.8524s
	iters: 500, epoch: 11 | loss: 0.0085132
	speed: 0.0020s/iter; left time: 24.2655s
	iters: 600, epoch: 11 | loss: 0.0411377
	speed: 0.0022s/iter; left time: 25.6184s
Epoch: 11 cost time: 1.2179646492004395
Epoch: 11, Steps: 620 | Train Loss: 0.0163290 Vali Loss: 0.0365350 Test Loss: 0.0188161
EarlyStopping counter: 5 out of 30
Updating learning rate to 4.8828125e-07
	iters: 100, epoch: 12 | loss: 0.0216339
	speed: 0.0052s/iter; left time: 60.3116s
	iters: 200, epoch: 12 | loss: 0.0058552
	speed: 0.0015s/iter; left time: 17.7511s
	iters: 300, epoch: 12 | loss: 0.0082261
	speed: 0.0020s/iter; left time: 23.3394s
	iters: 400, epoch: 12 | loss: 0.0261271
	speed: 0.0020s/iter; left time: 22.5152s
	iters: 500, epoch: 12 | loss: 0.0129577
	speed: 0.0021s/iter; left time: 23.7390s
	iters: 600, epoch: 12 | loss: 0.0102448
	speed: 0.0023s/iter; left time: 25.5341s
Epoch: 12 cost time: 1.2438549995422363
Epoch: 12, Steps: 620 | Train Loss: 0.0163228 Vali Loss: 0.0365073 Test Loss: 0.0188875
EarlyStopping counter: 6 out of 30
Updating learning rate to 2.44140625e-07
	iters: 100, epoch: 13 | loss: 0.0217117
	speed: 0.0048s/iter; left time: 53.0731s
	iters: 200, epoch: 13 | loss: 0.0125471
	speed: 0.0018s/iter; left time: 19.4789s
	iters: 300, epoch: 13 | loss: 0.0252152
	speed: 0.0020s/iter; left time: 21.5910s
	iters: 400, epoch: 13 | loss: 0.0190616
	speed: 0.0019s/iter; left time: 20.8458s
	iters: 500, epoch: 13 | loss: 0.0324148
	speed: 0.0018s/iter; left time: 18.9136s
	iters: 600, epoch: 13 | loss: 0.0120202
	speed: 0.0019s/iter; left time: 19.7278s
Epoch: 13 cost time: 1.1544477939605713
Epoch: 13, Steps: 620 | Train Loss: 0.0163175 Vali Loss: 0.0366095 Test Loss: 0.0188856
EarlyStopping counter: 7 out of 30
Updating learning rate to 1.220703125e-07
	iters: 100, epoch: 14 | loss: 0.0099041
	speed: 0.0045s/iter; left time: 47.0330s
	iters: 200, epoch: 14 | loss: 0.0229210
	speed: 0.0016s/iter; left time: 16.4062s
	iters: 300, epoch: 14 | loss: 0.0074791
	speed: 0.0016s/iter; left time: 15.9881s
	iters: 400, epoch: 14 | loss: 0.0218760
	speed: 0.0023s/iter; left time: 23.5242s
	iters: 500, epoch: 14 | loss: 0.0134100
	speed: 0.0016s/iter; left time: 16.1759s
	iters: 600, epoch: 14 | loss: 0.0072754
	speed: 0.0018s/iter; left time: 18.1944s
Epoch: 14 cost time: 1.091813325881958
Epoch: 14, Steps: 620 | Train Loss: 0.0163158 Vali Loss: 0.0366695 Test Loss: 0.0188720
EarlyStopping counter: 8 out of 30
Updating learning rate to 6.103515625e-08
	iters: 100, epoch: 15 | loss: 0.0153194
	speed: 0.0048s/iter; left time: 46.9496s
	iters: 200, epoch: 15 | loss: 0.0134475
	speed: 0.0016s/iter; left time: 15.3025s
	iters: 300, epoch: 15 | loss: 0.0132300
	speed: 0.0022s/iter; left time: 21.1579s
	iters: 400, epoch: 15 | loss: 0.0115264
	speed: 0.0018s/iter; left time: 17.5386s
	iters: 500, epoch: 15 | loss: 0.0092854
	speed: 0.0016s/iter; left time: 15.4324s
	iters: 600, epoch: 15 | loss: 0.0211694
	speed: 0.0016s/iter; left time: 15.1392s
Epoch: 15 cost time: 1.072763204574585
Epoch: 15, Steps: 620 | Train Loss: 0.0163138 Vali Loss: 0.0362770 Test Loss: 0.0188681
EarlyStopping counter: 9 out of 30
Updating learning rate to 3.0517578125e-08
	iters: 100, epoch: 16 | loss: 0.0169337
	speed: 0.0048s/iter; left time: 43.8137s
	iters: 200, epoch: 16 | loss: 0.0242082
	speed: 0.0018s/iter; left time: 16.5798s
	iters: 300, epoch: 16 | loss: 0.0092277
	speed: 0.0022s/iter; left time: 19.9339s
	iters: 400, epoch: 16 | loss: 0.0237028
	speed: 0.0022s/iter; left time: 19.3417s
	iters: 500, epoch: 16 | loss: 0.0060841
	speed: 0.0028s/iter; left time: 25.0726s
	iters: 600, epoch: 16 | loss: 0.0173210
	speed: 0.0019s/iter; left time: 16.7357s
Epoch: 16 cost time: 1.2839252948760986
Epoch: 16, Steps: 620 | Train Loss: 0.0163120 Vali Loss: 0.0366521 Test Loss: 0.0188643
EarlyStopping counter: 10 out of 30
Updating learning rate to 1.52587890625e-08
	iters: 100, epoch: 17 | loss: 0.0118994
	speed: 0.0052s/iter; left time: 44.6896s
	iters: 200, epoch: 17 | loss: 0.0080957
	speed: 0.0018s/iter; left time: 15.5700s
	iters: 300, epoch: 17 | loss: 0.0176030
	speed: 0.0018s/iter; left time: 15.2066s
	iters: 400, epoch: 17 | loss: 0.0100227
	speed: 0.0017s/iter; left time: 14.3379s
	iters: 500, epoch: 17 | loss: 0.0198274
	speed: 0.0015s/iter; left time: 12.2667s
	iters: 600, epoch: 17 | loss: 0.0059199
	speed: 0.0017s/iter; left time: 13.3673s
Epoch: 17 cost time: 1.0629150867462158
Epoch: 17, Steps: 620 | Train Loss: 0.0163111 Vali Loss: 0.0366716 Test Loss: 0.0188639
EarlyStopping counter: 11 out of 30
Updating learning rate to 7.62939453125e-09
	iters: 100, epoch: 18 | loss: 0.0062902
	speed: 0.0052s/iter; left time: 41.4530s
	iters: 200, epoch: 18 | loss: 0.0146898
	speed: 0.0019s/iter; left time: 15.0910s
	iters: 300, epoch: 18 | loss: 0.0233823
	speed: 0.0016s/iter; left time: 12.5529s
	iters: 400, epoch: 18 | loss: 0.0157675
	speed: 0.0016s/iter; left time: 12.3414s
	iters: 500, epoch: 18 | loss: 0.0049202
	speed: 0.0015s/iter; left time: 11.6927s
	iters: 600, epoch: 18 | loss: 0.0127724
	speed: 0.0016s/iter; left time: 12.0495s
Epoch: 18 cost time: 1.0583524703979492
Epoch: 18, Steps: 620 | Train Loss: 0.0163069 Vali Loss: 0.0365372 Test Loss: 0.0188635
EarlyStopping counter: 12 out of 30
Updating learning rate to 3.814697265625e-09
	iters: 100, epoch: 19 | loss: 0.0096464
	speed: 0.0043s/iter; left time: 31.8610s
	iters: 200, epoch: 19 | loss: 0.0047288
	speed: 0.0014s/iter; left time: 9.8965s
	iters: 300, epoch: 19 | loss: 0.0116857
	speed: 0.0017s/iter; left time: 12.2580s
	iters: 400, epoch: 19 | loss: 0.0044469
	speed: 0.0022s/iter; left time: 15.2696s
	iters: 500, epoch: 19 | loss: 0.0122448
	speed: 0.0017s/iter; left time: 12.0000s
	iters: 600, epoch: 19 | loss: 0.0201961
	speed: 0.0019s/iter; left time: 13.0352s
Epoch: 19 cost time: 1.0870842933654785
Epoch: 19, Steps: 620 | Train Loss: 0.0163129 Vali Loss: 0.0365585 Test Loss: 0.0188633
EarlyStopping counter: 13 out of 30
Updating learning rate to 1.9073486328125e-09
	iters: 100, epoch: 20 | loss: 0.0062191
	speed: 0.0047s/iter; left time: 31.6415s
	iters: 200, epoch: 20 | loss: 0.0124734
	speed: 0.0017s/iter; left time: 11.0343s
	iters: 300, epoch: 20 | loss: 0.0095148
	speed: 0.0017s/iter; left time: 11.2050s
	iters: 400, epoch: 20 | loss: 0.0091246
	speed: 0.0018s/iter; left time: 11.4023s
	iters: 500, epoch: 20 | loss: 0.0065673
	speed: 0.0019s/iter; left time: 12.0666s
	iters: 600, epoch: 20 | loss: 0.0093949
	speed: 0.0019s/iter; left time: 11.6639s
Epoch: 20 cost time: 1.0955095291137695
Epoch: 20, Steps: 620 | Train Loss: 0.0163099 Vali Loss: 0.0366668 Test Loss: 0.0188633
EarlyStopping counter: 14 out of 30
Updating learning rate to 9.5367431640625e-10
	iters: 100, epoch: 21 | loss: 0.0162291
	speed: 0.0051s/iter; left time: 31.2924s
	iters: 200, epoch: 21 | loss: 0.0166177
	speed: 0.0016s/iter; left time: 9.7310s
	iters: 300, epoch: 21 | loss: 0.0294570
	speed: 0.0021s/iter; left time: 12.3223s
	iters: 400, epoch: 21 | loss: 0.0071484
	speed: 0.0016s/iter; left time: 9.3771s
	iters: 500, epoch: 21 | loss: 0.0093584
	speed: 0.0015s/iter; left time: 8.2840s
	iters: 600, epoch: 21 | loss: 0.0168912
	speed: 0.0017s/iter; left time: 9.5380s
Epoch: 21 cost time: 1.1161694526672363
Epoch: 21, Steps: 620 | Train Loss: 0.0163126 Vali Loss: 0.0366687 Test Loss: 0.0188632
EarlyStopping counter: 15 out of 30
Updating learning rate to 4.76837158203125e-10
	iters: 100, epoch: 22 | loss: 0.0090382
	speed: 0.0057s/iter; left time: 31.1371s
	iters: 200, epoch: 22 | loss: 0.0056919
	speed: 0.0018s/iter; left time: 9.5481s
	iters: 300, epoch: 22 | loss: 0.0177024
	speed: 0.0019s/iter; left time: 10.0103s
	iters: 400, epoch: 22 | loss: 0.0166996
	speed: 0.0019s/iter; left time: 9.9682s
	iters: 500, epoch: 22 | loss: 0.0084402
	speed: 0.0018s/iter; left time: 9.1699s
	iters: 600, epoch: 22 | loss: 0.0056897
	speed: 0.0019s/iter; left time: 9.5044s
Epoch: 22 cost time: 1.1971664428710938
Epoch: 22, Steps: 620 | Train Loss: 0.0163134 Vali Loss: 0.0366032 Test Loss: 0.0188632
EarlyStopping counter: 16 out of 30
Updating learning rate to 2.384185791015625e-10
	iters: 100, epoch: 23 | loss: 0.0176035
	speed: 0.0064s/iter; left time: 31.3246s
	iters: 200, epoch: 23 | loss: 0.0174593
	speed: 0.0018s/iter; left time: 8.7982s
	iters: 300, epoch: 23 | loss: 0.0068966
	speed: 0.0016s/iter; left time: 7.4419s
	iters: 400, epoch: 23 | loss: 0.0098754
	speed: 0.0023s/iter; left time: 10.4767s
	iters: 500, epoch: 23 | loss: 0.0107052
	speed: 0.0020s/iter; left time: 9.0802s
	iters: 600, epoch: 23 | loss: 0.0051740
	speed: 0.0031s/iter; left time: 13.7309s
Epoch: 23 cost time: 1.4275140762329102
Epoch: 23, Steps: 620 | Train Loss: 0.0162961 Vali Loss: 0.0364174 Test Loss: 0.0188632
EarlyStopping counter: 17 out of 30
Updating learning rate to 1.1920928955078125e-10
	iters: 100, epoch: 24 | loss: 0.0055508
	speed: 0.0063s/iter; left time: 26.6027s
	iters: 200, epoch: 24 | loss: 0.0125736
	speed: 0.0020s/iter; left time: 8.1157s
	iters: 300, epoch: 24 | loss: 0.0141188
	speed: 0.0018s/iter; left time: 7.3022s
	iters: 400, epoch: 24 | loss: 0.0138626
	speed: 0.0018s/iter; left time: 7.2367s
	iters: 500, epoch: 24 | loss: 0.0187378
	speed: 0.0019s/iter; left time: 7.4426s
	iters: 600, epoch: 24 | loss: 0.0108173
	speed: 0.0018s/iter; left time: 6.8495s
Epoch: 24 cost time: 1.2188196182250977
Epoch: 24, Steps: 620 | Train Loss: 0.0163088 Vali Loss: 0.0365527 Test Loss: 0.0188632
EarlyStopping counter: 18 out of 30
Updating learning rate to 5.960464477539063e-11
	iters: 100, epoch: 25 | loss: 0.0083523
	speed: 0.0048s/iter; left time: 17.4662s
	iters: 200, epoch: 25 | loss: 0.0085478
	speed: 0.0018s/iter; left time: 6.3845s
	iters: 300, epoch: 25 | loss: 0.0191400
	speed: 0.0015s/iter; left time: 5.1095s
	iters: 400, epoch: 25 | loss: 0.0251167
	speed: 0.0018s/iter; left time: 6.0668s
	iters: 500, epoch: 25 | loss: 0.0176554
	speed: 0.0021s/iter; left time: 6.7139s
	iters: 600, epoch: 25 | loss: 0.0165421
	speed: 0.0023s/iter; left time: 7.2587s
Epoch: 25 cost time: 1.1599502563476562
Epoch: 25, Steps: 620 | Train Loss: 0.0162798 Vali Loss: 0.0365962 Test Loss: 0.0188632
EarlyStopping counter: 19 out of 30
Updating learning rate to 2.980232238769531e-11
	iters: 100, epoch: 26 | loss: 0.0119005
	speed: 0.0052s/iter; left time: 15.5026s
	iters: 200, epoch: 26 | loss: 0.0174099
	speed: 0.0020s/iter; left time: 5.8711s
	iters: 300, epoch: 26 | loss: 0.0166046
	speed: 0.0018s/iter; left time: 5.0900s
	iters: 400, epoch: 26 | loss: 0.0318794
	speed: 0.0018s/iter; left time: 4.9233s
	iters: 500, epoch: 26 | loss: 0.0141658
	speed: 0.0021s/iter; left time: 5.3681s
	iters: 600, epoch: 26 | loss: 0.0396520
	speed: 0.0019s/iter; left time: 4.6331s
Epoch: 26 cost time: 1.2010536193847656
Epoch: 26, Steps: 620 | Train Loss: 0.0163050 Vali Loss: 0.0365847 Test Loss: 0.0188632
EarlyStopping counter: 20 out of 30
Updating learning rate to 1.4901161193847657e-11
	iters: 100, epoch: 27 | loss: 0.0044817
	speed: 0.0057s/iter; left time: 13.5556s
	iters: 200, epoch: 27 | loss: 0.0046481
	speed: 0.0018s/iter; left time: 4.0234s
	iters: 300, epoch: 27 | loss: 0.0183813
	speed: 0.0019s/iter; left time: 4.1495s
	iters: 400, epoch: 27 | loss: 0.0155908
	speed: 0.0018s/iter; left time: 3.6802s
	iters: 500, epoch: 27 | loss: 0.0113772
	speed: 0.0017s/iter; left time: 3.3738s
	iters: 600, epoch: 27 | loss: 0.0089084
	speed: 0.0028s/iter; left time: 5.3589s
Epoch: 27 cost time: 1.2337267398834229
Epoch: 27, Steps: 620 | Train Loss: 0.0162995 Vali Loss: 0.0365829 Test Loss: 0.0188632
EarlyStopping counter: 21 out of 30
Updating learning rate to 7.450580596923828e-12
	iters: 100, epoch: 28 | loss: 0.0314945
	speed: 0.0052s/iter; left time: 9.1165s
	iters: 200, epoch: 28 | loss: 0.0083382
	speed: 0.0019s/iter; left time: 3.0991s
	iters: 300, epoch: 28 | loss: 0.0115308
	speed: 0.0023s/iter; left time: 3.5261s
	iters: 400, epoch: 28 | loss: 0.0098660
	speed: 0.0019s/iter; left time: 2.7118s
	iters: 500, epoch: 28 | loss: 0.0063613
	speed: 0.0017s/iter; left time: 2.2706s
	iters: 600, epoch: 28 | loss: 0.0072922
	speed: 0.0018s/iter; left time: 2.2276s
Epoch: 28 cost time: 1.1762111186981201
Epoch: 28, Steps: 620 | Train Loss: 0.0163117 Vali Loss: 0.0366314 Test Loss: 0.0188632
EarlyStopping counter: 22 out of 30
Updating learning rate to 3.725290298461914e-12
	iters: 100, epoch: 29 | loss: 0.0129359
	speed: 0.0054s/iter; left time: 6.2018s
	iters: 200, epoch: 29 | loss: 0.0235708
	speed: 0.0018s/iter; left time: 1.9225s
	iters: 300, epoch: 29 | loss: 0.0245978
	speed: 0.0017s/iter; left time: 1.5691s
	iters: 400, epoch: 29 | loss: 0.0111462
	speed: 0.0018s/iter; left time: 1.4859s
	iters: 500, epoch: 29 | loss: 0.0239741
	speed: 0.0019s/iter; left time: 1.3934s
	iters: 600, epoch: 29 | loss: 0.0232413
	speed: 0.0017s/iter; left time: 1.0704s
Epoch: 29 cost time: 1.138047695159912
Epoch: 29, Steps: 620 | Train Loss: 0.0163119 Vali Loss: 0.0365270 Test Loss: 0.0188632
EarlyStopping counter: 23 out of 30
Updating learning rate to 1.862645149230957e-12
	iters: 100, epoch: 30 | loss: 0.0162246
	speed: 0.0058s/iter; left time: 3.0414s
	iters: 200, epoch: 30 | loss: 0.0133305
	speed: 0.0019s/iter; left time: 0.8088s
	iters: 300, epoch: 30 | loss: 0.0142910
	speed: 0.0018s/iter; left time: 0.5781s
	iters: 400, epoch: 30 | loss: 0.0100159
	speed: 0.0018s/iter; left time: 0.3872s
	iters: 500, epoch: 30 | loss: 0.0247916
	speed: 0.0020s/iter; left time: 0.2450s
	iters: 600, epoch: 30 | loss: 0.0127354
	speed: 0.0016s/iter; left time: 0.0339s
Epoch: 30 cost time: 1.1820886135101318
Epoch: 30, Steps: 620 | Train Loss: 0.0163093 Vali Loss: 0.0364163 Test Loss: 0.0188632
EarlyStopping counter: 24 out of 30
Updating learning rate to 9.313225746154785e-13
>>>>>>>testing : Exchange_336_96_DLinear_custom_ftMS_sl336_ll48_pl14_dm512_nh8_el2_dl1_df2048_fc1_ebtimeF_dtTrue_Exp_0<<<<<<<<<<<<<<<<<<<<<<<<<<<<<<<<<
test 1504
Univariate - MSE:0.019223235547542572, MAE:0.10737589001655579
Multivariate - MSE:0.017537472769618034, MAE:0.09058502316474915
